> library(readxl)
> OSD_502_Unnormalized_Counts <- read_excel("~/Downloads/OSD-502 Unnormalized Counts.xlsx")
> View(OSD_502_Unnormalized_Counts)                                                         
> library(readxl)
> OSD_510_Unnormalized_Counts <- read_excel("~/Downloads/OSD-510 Unnormalized Counts.xlsx")
> View(OSD_510_Unnormalized_Counts)                                                         
> library(readxl)
> OSD_508_Unnormalized_Counts <- read_excel("~/Downloads/OSD-508 Unnormalized Counts.xlsx")
> View(OSD_508_Unnormalized_Counts)                                                         
> library(readxl)
> OSD_498_Unnormalized_Counts <- read_excel("~/Downloads/OSD-498 Unnormalized Counts.xlsx")
> View(OSD_498_Unnormalized_Counts)                                                         
> library(readxl)
> OSD_168_Unnormalized_Counts <- read_excel("~/Downloads/OSD-168 Unnormalized Counts.xlsx")
Error: `path` does not exist: ‘~/Downloads/OSD-168 Unnormalized Counts.xlsx’
> library(readxl)
> OSD_168_Unnormalized_Counts <- read_excel("~/Downloads/GLDS-168 Unnormalized Counts.xlsx")
> View(OSD_168_Unnormalized_Counts)                                                         
> library(readxl)
> OSD_294_Unnormalized_Counts <- read_excel("~/Downloads/OSD-294 Unnormalized Counts.xlsx")
> View(OSD_294_Unnormalized_Counts)                                                         
> library(readxl)
> OSD_246_Unnormalized_Counts <- read_excel("~/Downloads/OSD-246 Unnormalized Counts.xlsx")
> View(OSD_246_Unnormalized_Counts)                                                         
> library(readxl)
> OSD_211_Unnormalized_Counts <- read_excel("~/Downloads/OSD-211 Unnormalized Counts.xlsx")
> View(OSD_211_Unnormalized_Counts)                                                         
> library(readxl)
> OSD_202_Unnormalized_Counts <- read_excel("~/Downloads/OSD-202 Unnormalized Counts.xlsx")
Error: `path` does not exist: ‘~/Downloads/OSD-202 Unnormalized Counts.xlsx’
> library(readxl)
> OSD_202_Unnormalized_Counts <- read_excel("~/Downloads/OSD-202 Unnormalized Counts.xlsx")
> View(OSD_202_Unnormalized_Counts)                                                         
> library(readxl)
> OSD_374_Unnormalized_Counts <- read_excel("~/Downloads/OSD-374 Unnormalized Counts.xlsx")
> View(OSD_374_Unnormalized_Counts)                                                         

AWG_Liver_Ionizing_Radiation_Merger_Mice <- Reduce(function(x,y) merge(x = x, y = y, by = "GENE.ID", all = "TRUE"), list(OSD_168_Unnormalized_Counts,OSD_294_Unnormalized_Counts))
AWG_Spleen_Ionizing_Radiation_Mice <- Reduce(function(x,y) merge(x = x, y = y, by = "GENE.ID", all = "TRUE"), list(OSD_246_Unnormalized_Counts,OSD_211_Unnormalized_Counts))
AWG_Brain_Ionizing_Radiation_Mice <- Reduce(function(x,y) merge(x = x, y = y, by = "GENE.ID", all = "TRUE"), list(OSD_202_Unnormalized_Counts,OSD_374_Unnormalized_Counts))
AWG_Arabidopsis_Radiation_Seedlings <- Reduce(function(x,y) merge(x = x, y = y, by = "GENE.ID", all = "TRUE"), list(OSD_502_Unnormalized_Counts,OSD_510_Unnormalized_Counts,OSD_508_Unnormalized_Counts,OSD_498_Unnormalized_Counts))

write.csv(AWG_Spleen_Ionizing_Radiation_Mice,'~/downloads/AWG_Spleen_Ionizing_Radiation_Mice.csv')
write.csv(AWG_Liver_Ionizing_Radiation_Merger_Mice,'~/downloads/AWG_Liver_Ionizing_Radiation_Mice.csv')
write.csv(AWG_Brain_Ionizing_Radiation_Mice,'~/downloads/AWG_Brain_Ionizing_Radiation_Mice.csv')
write.csv(AWG_Arabidopsis_Radiation_Seedlings,'~/downloads/AWG_Arabidopsis_Radiation_Seedlings.csv')
